\BOOKMARK [0][-]{chapter.1}{\376\377\000I\000N\000T\000R\000O\000D\000U\000C\000C\000I\000\323\000N}{}% 1
\BOOKMARK [0][-]{chapter.2}{\376\377\000D\000I\000A\000G\000N\000\323\000S\000T\000I\000C\000O\000\040\000Y\000\040\000P\000L\000A\000N\000T\000E\000A\000M\000I\000E\000N\000T\000O\000\040\000D\000E\000L\000\040\000P\000R\000O\000B\000L\000E\000M\000A}{}% 2
\BOOKMARK [1][-]{section.2.1}{\376\377\000P\000L\000A\000N\000T\000E\000A\000M\000I\000E\000N\000T\000O\000\040\000D\000E\000L\000\040\000P\000R\000O\000B\000L\000E\000M\000A}{chapter.2}% 3
\BOOKMARK [0][-]{chapter.3}{\376\377\000O\000B\000J\000E\000T\000I\000V\000O\000\040\000D\000E\000\040\000L\000A\000\040\000I\000N\000V\000E\000S\000T\000I\000G\000A\000C\000I\000\323\000N}{}% 4
\BOOKMARK [1][-]{section.3.1}{\376\377\000O\000B\000J\000E\000T\000I\000V\000O\000\040\000G\000E\000N\000E\000R\000A\000L}{chapter.3}% 5
\BOOKMARK [1][-]{section.3.2}{\376\377\000O\000B\000J\000E\000T\000I\000V\000O\000S\000\040\000E\000S\000P\000E\000C\000\315\000F\000I\000C\000O\000S}{chapter.3}% 6
\BOOKMARK [0][-]{chapter.4}{\376\377\000A\000N\000\301\000L\000I\000S\000I\000S\000\040\000D\000E\000\040\000L\000A\000\040\000I\000N\000F\000O\000R\000M\000A\000C\000I\000\323\000N}{}% 7
\BOOKMARK [1][-]{section.4.1}{\376\377\000F\000U\000E\000N\000T\000E\000\040\000D\000E\000\040\000D\000A\000T\000O\000S}{chapter.4}% 8
\BOOKMARK [1][-]{section.4.2}{\376\377\000P\000R\000E\000P\000A\000R\000A\000C\000I\000\323\000N\000\040\000D\000E\000\040\000L\000O\000S\000\040\000D\000A\000T\000O\000S}{chapter.4}% 9
\BOOKMARK [2][-]{subsection.4.2.1}{\376\377\000E\000x\000p\000l\000o\000r\000a\000c\000i\000\363\000n\000\040\000y\000\040\000A\000n\000\341\000l\000i\000s\000i\000s\000\040\000D\000e\000s\000c\000r\000i\000p\000t\000i\000v\000o}{section.4.2}% 10
\BOOKMARK [2][-]{subsection.4.2.2}{\376\377\000P\000r\000e\000p\000r\000o\000c\000e\000s\000a\000m\000i\000e\000n\000t\000o\000\040\000y\000\040\000S\000e\000l\000e\000c\000c\000i\000\363\000n\000\040\000d\000e\000\040\000C\000a\000r\000a\000c\000t\000e\000r\000\355\000s\000t\000i\000c\000a\000s}{section.4.2}% 11
\BOOKMARK [1][-]{section.4.3}{\376\377\000P\000R\000O\000C\000E\000S\000O\000\040\000D\000E\000\040\000M\000O\000D\000E\000L\000A\000D\000O}{chapter.4}% 12
\BOOKMARK [2][-]{subsection.4.3.1}{\376\377\000I\000s\000o\000l\000a\000t\000i\000o\000n\000\040\000F\000o\000r\000e\000s\000t}{section.4.3}% 13
\BOOKMARK [2][-]{subsection.4.3.2}{\376\377\000L\000o\000c\000a\000l\000\040\000O\000u\000t\000l\000i\000e\000r\000\040\000F\000a\000c\000t\000o\000r}{section.4.3}% 14
\BOOKMARK [2][-]{subsection.4.3.3}{\376\377\000O\000n\000e\000-\000C\000l\000a\000s\000s\000\040\000S\000V\000M}{section.4.3}% 15
\BOOKMARK [1][-]{section.4.4}{\376\377\000E\000V\000A\000L\000U\000A\000C\000I\000\323\000N}{chapter.4}% 16
\BOOKMARK [0][-]{chapter.5}{\376\377\000R\000E\000S\000U\000L\000T\000A\000D\000O\000S}{}% 17
\BOOKMARK [1][-]{section.5.1}{\376\377\000C\000O\000M\000P\000A\000R\000A\000C\000I\000\323\000N\000\040\000D\000E\000\040\000M\000O\000D\000E\000L\000O\000S}{chapter.5}% 18
\BOOKMARK [1][-]{section.5.2}{\376\377\000C\000U\000R\000V\000A\000S\000\040\000R\000O\000C}{chapter.5}% 19
\BOOKMARK [1][-]{section.5.3}{\376\377\000M\000A\000T\000R\000I\000C\000E\000S\000\040\000D\000E\000\040\000C\000O\000N\000F\000U\000S\000I\000\323\000N}{chapter.5}% 20
\BOOKMARK [1][-]{section.5.4}{\376\377\000I\000M\000P\000O\000R\000T\000A\000N\000C\000I\000A\000\040\000D\000E\000\040\000V\000A\000R\000I\000A\000B\000L\000E\000S}{chapter.5}% 21
\BOOKMARK [1][-]{section.5.5}{\376\377\000D\000E\000T\000E\000C\000C\000I\000\323\000N\000\040\000P\000O\000R\000\040\000S\000E\000R\000V\000I\000C\000I\000O}{chapter.5}% 22
\BOOKMARK [0][-]{chapter.6}{\376\377\000C\000O\000N\000C\000L\000U\000S\000I\000O\000N\000E\000S}{}% 23
\BOOKMARK [0][-]{chapter.7}{\376\377\000B\000I\000B\000L\000I\000O\000G\000R\000A\000F\000\315\000A}{}% 24
